Item 1 is not nil.
Processing: Phos
Item 2 is nil.
