State res is ok
State res2 is no ok: Some unexpected error occured
true
Some err
